
> react-example@1.0.5 build
> vite build

vite v6.4.1 building for production...
transforming...
✓ 3380 modules transformed.
rendering chunks...
computing gzip size...
dist/index.html                     0.88 kB │ gzip:   0.47 kB
dist/assets/index-B0KLvUhb.css     50.71 kB │ gzip:   8.33 kB
dist/assets/web-CCSrXpbW.js         1.25 kB │ gzip:   0.59 kB
dist/assets/index-BDfqRsL8.js   2,104.49 kB │ gzip: 584.59 kB

(!) Some chunks are larger than 500 kB after minification. Consider:
- Using dynamic import() to code-split the application
- Use build.rollupOptions.output.manualChunks to improve chunking: https://rollupjs.org/configuration-options/#output-manualchunks
- Adjust chunk size limit for this warning via build.chunkSizeWarningLimit.
✓ built in 10.76s
